{
    "CRAM": {
        "content": [
            [
                "copy.cram"
            ]
        ],
        "meta": {
            "nf-test": "0.9.0",
            "nextflow": "24.04.3"
        },
        "timestamp": "2024-07-30T10:23:49.511360935"
    },
    "BAM": {
        "content": [
            [
                "copy.bam"
            ]
        ],
        "meta": {
            "nf-test": "0.9.0",
            "nextflow": "24.04.3"
        },
        "timestamp": "2024-07-30T10:23:43.591449039"
    }
}